constants.ts(32,9): error TS1117: An object literal cannot have multiple properties with the same name.
constants.ts(33,9): error TS1117: An object literal cannot have multiple properties with the same name.
constants.ts(348,11): error TS1117: An object literal cannot have multiple properties with the same name.
constants.ts(348,46): error TS1117: An object literal cannot have multiple properties with the same name.
constants.ts(364,11): error TS1117: An object literal cannot have multiple properties with the same name.
constants.ts(364,38): error TS1117: An object literal cannot have multiple properties with the same name.
constants.ts(380,11): error TS1117: An object literal cannot have multiple properties with the same name.
constants.ts(380,46): error TS1117: An object literal cannot have multiple properties with the same name.
constants.ts(397,11): error TS1117: An object literal cannot have multiple properties with the same name.
constants.ts(397,54): error TS1117: An object literal cannot have multiple properties with the same name.
constants.ts(413,11): error TS1117: An object literal cannot have multiple properties with the same name.
constants.ts(413,46): error TS1117: An object literal cannot have multiple properties with the same name.
constants.ts(429,11): error TS1117: An object literal cannot have multiple properties with the same name.
constants.ts(429,46): error TS1117: An object literal cannot have multiple properties with the same name.
constants.ts(445,11): error TS1117: An object literal cannot have multiple properties with the same name.
constants.ts(445,46): error TS1117: An object literal cannot have multiple properties with the same name.
constants.ts(462,11): error TS1117: An object literal cannot have multiple properties with the same name.
constants.ts(462,46): error TS1117: An object literal cannot have multiple properties with the same name.
constants.ts(478,11): error TS1117: An object literal cannot have multiple properties with the same name.
constants.ts(478,38): error TS1117: An object literal cannot have multiple properties with the same name.
constants.ts(494,11): error TS1117: An object literal cannot have multiple properties with the same name.
constants.ts(494,46): error TS1117: An object literal cannot have multiple properties with the same name.
constants.ts(511,11): error TS1117: An object literal cannot have multiple properties with the same name.
constants.ts(511,54): error TS1117: An object literal cannot have multiple properties with the same name.
constants.ts(527,11): error TS1117: An object literal cannot have multiple properties with the same name.
constants.ts(527,46): error TS1117: An object literal cannot have multiple properties with the same name.
constants.ts(543,11): error TS1117: An object literal cannot have multiple properties with the same name.
constants.ts(543,46): error TS1117: An object literal cannot have multiple properties with the same name.
constants.ts(559,11): error TS1117: An object literal cannot have multiple properties with the same name.
constants.ts(559,46): error TS1117: An object literal cannot have multiple properties with the same name.
constants.ts(575,11): error TS1117: An object literal cannot have multiple properties with the same name.
constants.ts(575,46): error TS1117: An object literal cannot have multiple properties with the same name.
constants.ts(603,11): error TS1117: An object literal cannot have multiple properties with the same name.
constants.ts(603,46): error TS1117: An object literal cannot have multiple properties with the same name.
constants.ts(630,11): error TS1117: An object literal cannot have multiple properties with the same name.
constants.ts(630,46): error TS1117: An object literal cannot have multiple properties with the same name.
constants.ts(656,11): error TS1117: An object literal cannot have multiple properties with the same name.
constants.ts(656,46): error TS1117: An object literal cannot have multiple properties with the same name.
constants.ts(682,11): error TS1117: An object literal cannot have multiple properties with the same name.
constants.ts(682,46): error TS1117: An object literal cannot have multiple properties with the same name.
constants.ts(1021,11): error TS1117: An object literal cannot have multiple properties with the same name.
constants.ts(1021,46): error TS1117: An object literal cannot have multiple properties with the same name.
constants.ts(1036,11): error TS1117: An object literal cannot have multiple properties with the same name.
constants.ts(1036,54): error TS1117: An object literal cannot have multiple properties with the same name.
constants.ts(1050,11): error TS1117: An object literal cannot have multiple properties with the same name.
constants.ts(1050,46): error TS1117: An object literal cannot have multiple properties with the same name.
constants.ts(1064,11): error TS1117: An object literal cannot have multiple properties with the same name.
constants.ts(1064,38): error TS1117: An object literal cannot have multiple properties with the same name.
constants.ts(1080,11): error TS1117: An object literal cannot have multiple properties with the same name.
constants.ts(1080,46): error TS1117: An object literal cannot have multiple properties with the same name.
constants.ts(1096,11): error TS1117: An object literal cannot have multiple properties with the same name.
constants.ts(1096,38): error TS1117: An object literal cannot have multiple properties with the same name.
constants.ts(1112,11): error TS1117: An object literal cannot have multiple properties with the same name.
constants.ts(1112,54): error TS1117: An object literal cannot have multiple properties with the same name.
constants.ts(1127,11): error TS1117: An object literal cannot have multiple properties with the same name.
constants.ts(1127,29): error TS1117: An object literal cannot have multiple properties with the same name.
constants.ts(1150,11): error TS1117: An object literal cannot have multiple properties with the same name.
constants.ts(1150,46): error TS1117: An object literal cannot have multiple properties with the same name.
constants.ts(1178,11): error TS1117: An object literal cannot have multiple properties with the same name.
constants.ts(1178,46): error TS1117: An object literal cannot have multiple properties with the same name.
constants.ts(1495,11): error TS1117: An object literal cannot have multiple properties with the same name.
constants.ts(1495,46): error TS1117: An object literal cannot have multiple properties with the same name.
constants.ts(1510,11): error TS1117: An object literal cannot have multiple properties with the same name.
constants.ts(1510,29): error TS1117: An object literal cannot have multiple properties with the same name.
constants.ts(1526,11): error TS1117: An object literal cannot have multiple properties with the same name.
constants.ts(1526,46): error TS1117: An object literal cannot have multiple properties with the same name.
constants.ts(1541,11): error TS1117: An object literal cannot have multiple properties with the same name.
constants.ts(1541,46): error TS1117: An object literal cannot have multiple properties with the same name.
constants.ts(1556,11): error TS1117: An object literal cannot have multiple properties with the same name.
constants.ts(1556,29): error TS1117: An object literal cannot have multiple properties with the same name.
constants.ts(1572,11): error TS1117: An object literal cannot have multiple properties with the same name.
constants.ts(1572,46): error TS1117: An object literal cannot have multiple properties with the same name.
constants.ts(1588,11): error TS1117: An object literal cannot have multiple properties with the same name.
constants.ts(1588,29): error TS1117: An object literal cannot have multiple properties with the same name.
constants.ts(1602,11): error TS1117: An object literal cannot have multiple properties with the same name.
constants.ts(1602,46): error TS1117: An object literal cannot have multiple properties with the same name.
constants.ts(1631,11): error TS1117: An object literal cannot have multiple properties with the same name.
constants.ts(1631,46): error TS1117: An object literal cannot have multiple properties with the same name.
constants.ts(1660,11): error TS1117: An object literal cannot have multiple properties with the same name.
constants.ts(1660,46): error TS1117: An object literal cannot have multiple properties with the same name.
constants.ts(1817,13): error TS1117: An object literal cannot have multiple properties with the same name.
constants.ts(1817,48): error TS1117: An object literal cannot have multiple properties with the same name.
constants.ts(1831,13): error TS1117: An object literal cannot have multiple properties with the same name.
constants.ts(1831,48): error TS1117: An object literal cannot have multiple properties with the same name.
constants.ts(1845,13): error TS1117: An object literal cannot have multiple properties with the same name.
constants.ts(1845,40): error TS1117: An object literal cannot have multiple properties with the same name.
constants.ts(1859,13): error TS1117: An object literal cannot have multiple properties with the same name.
constants.ts(1859,56): error TS1117: An object literal cannot have multiple properties with the same name.
constants.ts(1873,13): error TS1117: An object literal cannot have multiple properties with the same name.
constants.ts(1873,56): error TS1117: An object literal cannot have multiple properties with the same name.
constants.ts(2022,13): error TS1117: An object literal cannot have multiple properties with the same name.
constants.ts(2022,48): error TS1117: An object literal cannot have multiple properties with the same name.
constants.ts(2037,13): error TS1117: An object literal cannot have multiple properties with the same name.
constants.ts(2037,48): error TS1117: An object literal cannot have multiple properties with the same name.
constants.ts(2052,13): error TS1117: An object literal cannot have multiple properties with the same name.
constants.ts(2052,56): error TS1117: An object literal cannot have multiple properties with the same name.
constants.ts(2067,13): error TS1117: An object literal cannot have multiple properties with the same name.
constants.ts(2067,48): error TS1117: An object literal cannot have multiple properties with the same name.
constants.ts(2094,13): error TS1117: An object literal cannot have multiple properties with the same name.
constants.ts(2094,48): error TS1117: An object literal cannot have multiple properties with the same name.
